
> nexagestion@0.1.0 build
> next build

   Γû▓ Next.js 15.5.6
   - Experiments (use with caution):
     ┬╖ optimizePackageImports

   Creating an optimized production build ...
