
> nexagestion@0.1.0 build
> next build

node.exe :  ΓÜá Invalid next.config.js options detected: 
At line:1 char:1
+ & "C:\Program Files\nodejs/node.exe" "C:\Users\arbar\AppData\Roaming\ ...
+ ~~~~~~~~~~~~~~~~~~~~~~~~~~~~~~~~~~~~~~~~~~~~~~~~~~~~~~~~~~~~~~~~~~~~~
    + CategoryInfo          : NotSpecified: ( ΓÜá Invalid ne...ions detected: :String) [], RemoteException
    + FullyQualifiedErrorId : NativeCommandError
 
 ΓÜá     Unrecognized key(s) in object: 'swcMinify'
 ΓÜá See more info here: https://nextjs.org/docs/messages/invalid-next-config
 ΓÜá Warning: Next.js inferred your workspace root, but it may not be correct.
 We detected multiple lockfiles and selected the directory of C:\Users\arbar\pnpm-lock.yaml as the root directory.
 To silence this warning, set `outputFileTracingRoot` in your Next.js config, or consider removing one of the lockfiles if it's not needed.
   See https://nextjs.org/docs/app/api-reference/config/next-config-js/output#caveats for more information.
 Detected additional lockfiles: 
   * C:\Users\arbar\Downloads\NexaGestion\package-lock.json

   Γû▓ Next.js 15.5.6
   - Experiments (use with caution):
     ┬╖ optimizePackageImports

   Creating an optimized production build ...
 Γ£ô Compiled successfully in 21.8s
   Linting and checking validity of types ...
Failed to compile.

./app/admin/documents/page.tsx:4:29
Type error: 'CardTitle' is declared but its value is never read.

[0m [90m 2 |[39m
 [90m 3 |[39m [36mimport[39m { useEffect[33m,[39m useState } [36mfrom[39m [32m'react'[39m[33m;[39m
[31m[1m>[22m[39m[90m 4 |[39m [36mimport[39m { [33mCard[39m[33m,[39m [33mCardContent[39m[33m,[39m [33mCardTitle[39m } [36mfrom[39m 
[32m'@/components/ui/card'[39m[33m;[39m
 [90m   |[39m                             [31m[1m^[22m[39m
 [90m 5 |[39m [36mimport[39m { [33mButton[39m } [36mfrom[39m [32m'@/components/ui/button'[39m[33m;[39m
 [90m 6 |[39m [36mimport[39m { [33mUpload[39m[33m,[39m [33mTrash2[39m[33m,[39m [33mDownload[39m[33m,[39m [33mSearch[39m } [36mfrom[39m 
[32m'lucide-react'[39m[33m;[39m
 [90m 7 |[39m[0m
Next.js build worker exited with code: 1 and signal: null
